// Jest Snapshot v1, https://goo.gl/fbAQLP

exports[`App snapshot app 1`] = `
<div>
  <header
    class="header"
  >
    <div
      class="header__option"
    >
      <nav
        class="navigation"
      >
        <ul
          class="navigation__list"
        >
          <li
            class="navigation__item"
          >
            <a
              aria-current="page"
              class="navigation__link active"
              href="/"
            >
              Home
            </a>
          </li>
          <li
            class="navigation__item"
          >
            <a
              class="navigation__link"
              href="/favorites"
            >
              Favorites
            </a>
          </li>
          <li
            class="navigation__item"
          >
            <a
              class="navigation__link"
              href="/cart"
            >
              Cart
            </a>
          </li>
        </ul>
      </nav>
      <div
        class="icon"
      >
        <a
          data-testid="favorites"
          href="/favorites"
        >
          <span
            class="chosenCount"
            data-testid="countStar"
          >
            0
            <svg>
              chosenSvg.svg
            </svg>
          </span>
        </a>
        <a
          data-testid="cart"
          href="/cart"
        >
          <span
            class="cartCount"
            data-testid="countCart"
          >
            0
            <img
              alt=""
              class="cartImg"
              src="shopingcart.ico"
            />
          </span>
        </a>
      </div>
    </div>
  </header>
  <main
    class="main"
  >
    <div
      class="wrapper"
    />
  </main>
  <footer
    class="footer"
  />
</div>
`;
